current directory: /Users/vincet/repos/portfoliosite_v2/vendor/bundle/ruby/3.3.0/gems/http_parser.rb-0.8.1/ext/ruby_http_parser
/Users/vincet/.local/share/mamba/envs/portfoliosite/bin/ruby extconf.rb
creating Makefile

current directory: /Users/vincet/repos/portfoliosite_v2/vendor/bundle/ruby/3.3.0/gems/http_parser.rb-0.8.1/ext/ruby_http_parser
make DESTDIR\= sitearchdir\=./.gem.20261006-16325-4wp6us sitelibdir\=./.gem.20261006-16325-4wp6us clean

current directory: /Users/vincet/repos/portfoliosite_v2/vendor/bundle/ruby/3.3.0/gems/http_parser.rb-0.8.1/ext/ruby_http_parser
make DESTDIR\= sitearchdir\=./.gem.20261006-16325-4wp6us sitelibdir\=./.gem.20261006-16325-4wp6us
compiling ruby_http_parser.c
compiling ryah_http_parser.c
In file included from ruby_http_parser.c:1:
In file included from /Users/vincet/.local/share/mamba/envs/portfoliosite/include/ruby-3.3.0/ruby.h:38:
In file included from /Users/vincet/.local/share/mamba/envs/portfoliosite/include/ruby-3.3.0/ruby/ruby.h:28:
In file included from /Users/vincet/.local/share/mamba/envs/portfoliosite/include/ruby-3.3.0/ruby/internal/arithmetic.h:24:
In file included from /Users/vincet/.local/share/mamba/envs/portfoliosite/include/ruby-3.3.0/ruby/internal/arithmetic/char.h:29:
/Users/vincet/.local/share/mamba/envs/portfoliosite/include/ruby-3.3.0/ruby/internal/core/rstring.h:398:24: warning: default initialization of an object of type 'struct RString' with const member leaves the object uninitialized [-Wdefault-const-init-field-unsafe]
  398 |         struct RString retval;
      |                        ^
/Users/vincet/.local/share/mamba/envs/portfoliosite/include/ruby-3.3.0/ruby/internal/core/rbasic.h:88:17: note: member 'klass' declared 'const' here
   88 |     const VALUE klass;
      |                 ^
ruby_http_parser.c:373:17: warning: comparison of integers of different signs: 'size_t' (aka 'unsigned long') and 'long' [-Wsign-compare]
  373 |     if (nparsed < len)
      |         ~~~~~~~ ^ ~~~
2 warnings generated.
linking shared-object ruby_http_parser.bundle
ld: warning: duplicate -rpath '/Users/vincet/.local/share/mamba/envs/portfoliosite/lib' ignored

current directory: /Users/vincet/repos/portfoliosite_v2/vendor/bundle/ruby/3.3.0/gems/http_parser.rb-0.8.1/ext/ruby_http_parser
make DESTDIR\= sitearchdir\=./.gem.20261006-16325-4wp6us sitelibdir\=./.gem.20261006-16325-4wp6us install
/usr/bin/install -c -m 0755 ruby_http_parser.bundle ./.gem.20261006-16325-4wp6us

current directory: /Users/vincet/repos/portfoliosite_v2/vendor/bundle/ruby/3.3.0/gems/http_parser.rb-0.8.1/ext/ruby_http_parser
make DESTDIR\= sitearchdir\=./.gem.20261006-16325-4wp6us sitelibdir\=./.gem.20261006-16325-4wp6us clean
